
> ai-saas-dashboard@0.1.0 test
> jest

node.exe : FAIL tests/api/chat.test.ts
At line:1 char:1
+ & "C:\Program Files\nodejs/node.exe" "C:\Users\Prade\AppData\Roaming\ ...
+ ~~~~~~~~~~~~~~~~~~~~~~~~~~~~~~~~~~~~~~~~~~~~~~~~~~~~~~~~~~~~~~~~~~~~~
    + CategoryInfo          : NotSpecified: (FAIL tests/api/chat.test.ts:String) [], RemoteException
    + FullyQualifiedErrorId : NativeCommandError
 
  ΓùÅ Test suite failed to run

    Cannot find module '../../utils/mockRequest' from 'tests/api/chat.test.ts'

    [0m [90m 4 |[39m [36mimport[39m { prisma } [36mfrom[39m [32m'@/lib/prisma'[39m[33m;[39m
     [90m 5 |[39m [36mimport[39m jwt [36mfrom[39m [32m'jsonwebtoken'[39m[33m;[39m
    [31m[1m>[22m[39m[90m 6 |[39m [36mimport[39m { createMockRequest } [36mfrom[39m [32m'../../utils/mockRequest'[39m[33m;[39m
     [90m   |[39m [31m[1m^[22m[39m
     [90m 7 |[39m
     [90m 8 |[39m describe([32m'Chat API Routes'[39m[33m,[39m () [33m=>[39m {
     [90m 9 |[39m   [0m

      at Resolver._throwModNotFoundError (node_modules/jest-resolve/build/index.js:863:11)
      at Object.<anonymous> (tests/api/chat.test.ts:6:1)

FAIL tests/api/auth.test.ts
  ΓùÅ Test suite failed to run

    Cannot find module '../../utils/mockRequest' from 'tests/api/auth.test.ts'

    [0m [90m 3 |[39m [36mimport[39m { prisma } [36mfrom[39m [32m'@/lib/prisma'[39m[33m;[39m
     [90m 4 |[39m [36mimport[39m bcrypt [36mfrom[39m [32m'bcrypt'[39m[33m;[39m
    [31m[1m>[22m[39m[90m 5 |[39m [36mimport[39m { createMockRequest } [36mfrom[39m [32m'../../utils/mockRequest'[39m[33m;[39m
     [90m   |[39m [31m[1m^[22m[39m
     [90m 6 |[39m [36mimport[39m jwt [36mfrom[39m [32m'jsonwebtoken'[39m[33m;[39m
     [90m 7 |[39m
     [90m 8 |[39m jest[33m.[39mmock([32m'bcrypt'[39m[33m,[39m () [33m=>[39m ({[0m

      at Resolver._throwModNotFoundError (node_modules/jest-resolve/build/index.js:863:11)
      at Object.<anonymous> (tests/api/auth.test.ts:5:1)

FAIL tests/api/ai.test.ts
  ΓùÅ Test suite failed to run

    Cannot find module '../../utils/mockRequest' from 'tests/api/ai.test.ts'

    [0m [90m 1 |[39m [36mimport[39m { [33mPOST[39m [36mas[39m aiGeneratePOST } [36mfrom[39m [32m'@/app/api/ai/generate/route'[39m[33m;[39m
    [31m[1m>[22m[39m[90m 2 |[39m [36mimport[39m { createMockRequest } [36mfrom[39m [32m'../../utils/mockRequest'[39m[33m;[39m
     [90m   |[39m [31m[1m^[22m[39m
     [90m 3 |[39m [90m// The openai module is mocked globally in setup.ts[39m
     [90m 4 |[39m
     [90m 5 |[39m describe([32m'AI API Routes'[39m[33m,[39m () [33m=>[39m {[0m

      at Resolver._throwModNotFoundError (node_modules/jest-resolve/build/index.js:863:11)
      at Object.<anonymous> (tests/api/ai.test.ts:2:1)

PASS tests/services/chatService.test.ts
PASS tests/services/aiService.test.ts

Test Suites: 3 failed, 2 passed, 5 total
Tests:       11 passed, 11 total
Snapshots:   0 total
Time:        0.471 s, estimated 1 s
Ran all test suites.
