node.exe : FAIL tests/api/ai.test.ts
At line:1 char:1
+ & "C:\Program Files\nodejs/node.exe" "C:\Users\Prade\AppData\Roaming\ ...
+ ~~~~~~~~~~~~~~~~~~~~~~~~~~~~~~~~~~~~~~~~~~~~~~~~~~~~~~~~~~~~~~~~~~~~~
    + CategoryInfo          : NotSpecified: (FAIL tests/api/ai.test.ts:String) [], RemoteException
    + FullyQualifiedErrorId : NativeCommandError
 
  ΓùÅ Console

    console.error
      AI ERROR: Error: Internal mock error
          at _Request.req.json (D:\AIProject\ai-saas-project\ai-saas-dashboard\tests\api\ai.test.ts:51:38)
          at POST (D:\AIProject\ai-saas-project\ai-saas-dashboard\src\app\api\ai\generate\route.ts:35:46)
          at Object.<anonymous> (D:\AIProject\ai-saas-project\ai-saas-dashboard\tests\api\ai.test.ts:53:39)
          at Promise.finally.completed (D:\AIProject\ai-saas-project\ai-saas-dashboard\node_modules\jest-circus\build\jestAdapterInit.js:1557:28)
          at new Promise (<anonymous>)
          at callAsyncCircusFn (D:\AIProject\ai-saas-project\ai-saas-dashboard\node_modules\jest-circus\build\jestAdapterInit.js:1497:10)
          at _callCircusTest (D:\AIProject\ai-saas-project\ai-saas-dashboard\node_modules\jest-circus\build\jestAdapterInit.js:1007:40)
          at _runTest (D:\AIProject\ai-saas-project\ai-saas-dashboard\node_modules\jest-circus\build\jestAdapterInit.js:947:3)
          at D:\AIProject\ai-saas-project\ai-saas-dashboard\node_modules\jest-circus\build\jestAdapterInit.js:849:7
          at _runTestsForDescribeBlock (D:\AIProject\ai-saas-project\ai-saas-dashboard\node_modules\jest-circus\build\jestAdapterInit.js:862:11)
          at _runTestsForDescribeBlock (D:\AIProject\ai-saas-project\ai-saas-dashboard\node_modules\jest-circus\build\jestAdapterInit.js:857:11)
          at _runTestsForDescribeBlock (D:\AIProject\ai-saas-project\ai-saas-dashboard\node_modules\jest-circus\build\jestAdapterInit.js:857:11)
          at run (D:\AIProject\ai-saas-project\ai-saas-dashboard\node_modules\jest-circus\build\jestAdapterInit.js:761:3)
          at runAndTransformResultsToJestFormat (D:\AIProject\ai-saas-project\ai-saas-dashboard\node_modules\jest-circus\build\jestAdapterInit.js:1918:21)
          at jestAdapter (D:\AIProject\ai-saas-project\ai-saas-dashboard\node_modules\jest-circus\build\runner.js:101:19)
          at runTestInternal (D:\AIProject\ai-saas-project\ai-saas-dashboard\node_modules\jest-runner\build\index.js:275:16)
          at runTest (D:\AIProject\ai-saas-project\ai-saas-dashboard\node_modules\jest-runner\build\index.js:343:7)

    [0m [90m 59 |[39m
     [90m 60 |[39m     } [36mcatch[39m (error) {
    [31m[1m>[22m[39m[90m 61 |[39m         console[33m.[39merror([32m"AI ERROR:"[39m[33m,[39m error)[33m;[39m
     [90m    |[39m                 [31m[1m^[22m[39m
     [90m 62 |[39m         [36mreturn[39m [33mNextResponse[39m[33m.[39mjson(
     [90m 63 |[39m             { message[33m:[39m [32m"AI failed"[39m }[33m,[39m
     [90m 64 |[39m             { status[33m:[39m [35m500[39m }[0m

      at POST (src/app/api/ai/generate/route.ts:61:17)
      at Object.<anonymous> (tests/api/ai.test.ts:53:19)

  ΓùÅ AI API Routes ΓÇ║ POST /api/ai/generate ΓÇ║ Concurrency & Stability Tests ΓÇ║ should handle rapid concurrent generation calls correctly

    expect(received).toStrictEqual(expected) // deep equality

    Expected: {"result": "mocked AI response"}
    Received: serializes to the same string

    [0m [90m 71 |[39m           expect(r[33m.[39mstatus)[33m.[39mtoBe([35m200[39m)[33m;[39m
     [90m 72 |[39m           [36mconst[39m data [33m=[39m [36mawait[39m r[33m.[39mjson()[33m;[39m
    [31m[1m>[22m[39m[90m 73 |[39m           expect(data)[33m.[39mtoStrictEqual({ result[33m:[39m [32m'mocked AI response'[39m })[33m;[39m 
[90m// Strict structure matching[39m
     [90m    |[39m                        [31m[1m^[22m[39m
     [90m 74 |[39m         }
     [90m 75 |[39m       })[33m;[39m
     [90m 76 |[39m     })[33m;[39m[0m

      at Object.<anonymous> (tests/api/ai.test.ts:73:24)

FAIL tests/api/chat.test.ts
  ΓùÅ Console

    console.error
      SAVE CHAT ERROR: Error: Invalid JWT
          at Object.<anonymous> (D:\AIProject\ai-saas-project\ai-saas-dashboard\tests\api\chat.test.ts:65:70)
          at D:\AIProject\ai-saas-project\ai-saas-dashboard\node_modules\jest-mock\build\index.js:305:39
          at Object.<anonymous> (D:\AIProject\ai-saas-project\ai-saas-dashboard\node_modules\jest-mock\build\index.js:312:13)
          at Object.mockConstructor [as verify] (D:\AIProject\ai-saas-project\ai-saas-dashboard\node_modules\jest-mock\build\index.js:102:19)
          at POST (D:\AIProject\ai-saas-project\ai-saas-dashboard\src\app\api\chat\route.ts:16:34)
          at Object.<anonymous> (D:\AIProject\ai-saas-project\ai-saas-dashboard\tests\api\chat.test.ts:67:19)

    [0m [90m 34 |[39m
     [90m 35 |[39m     } [36mcatch[39m (error) {
    [31m[1m>[22m[39m[90m 36 |[39m         console[33m.[39merror([32m"SAVE CHAT ERROR:"[39m[33m,[39m error)[33m;[39m
     [90m    |[39m                 [31m[1m^[22m[39m
     [90m 37 |[39m         [36mreturn[39m [33mNextResponse[39m[33m.[39mjson({ message[33m:[39m [32m"Failed"[39m }[33m,[39m { status[33m:[39m 
[35m500[39m })[33m;[39m
     [90m 38 |[39m     }
     [90m 39 |[39m }[0m

      at POST (src/app/api/chat/route.ts:36:17)
      at Object.<anonymous> (tests/api/chat.test.ts:67:19)

    console.error
      CHAT ALL ERROR: Error: Invalid JWT
          at Object.<anonymous> (D:\AIProject\ai-saas-project\ai-saas-dashboard\tests\api\chat.test.ts:113:70)
          at D:\AIProject\ai-saas-project\ai-saas-dashboard\node_modules\jest-mock\build\index.js:305:39
          at Object.<anonymous> (D:\AIProject\ai-saas-project\ai-saas-dashboard\node_modules\jest-mock\build\index.js:312:13)
          at Object.mockConstructor [as verify] (D:\AIProject\ai-saas-project\ai-saas-dashboard\node_modules\jest-mock\build\index.js:102:19)
          at GET (D:\AIProject\ai-saas-project\ai-saas-dashboard\src\app\api\chat\all\route.ts:19:34)
          at Object.<anonymous> (D:\AIProject\ai-saas-project\ai-saas-dashboard\tests\api\chat.test.ts:115:35)
          at Promise.finally.completed (D:\AIProject\ai-saas-project\ai-saas-dashboard\node_modules\jest-circus\build\jestAdapterInit.js:1557:28)
          at new Promise (<anonymous>)
          at callAsyncCircusFn (D:\AIProject\ai-saas-project\ai-saas-dashboard\node_modules\jest-circus\build\jestAdapterInit.js:1497:10)
          at _callCircusTest (D:\AIProject\ai-saas-project\ai-saas-dashboard\node_modules\jest-circus\build\jestAdapterInit.js:1007:40)
          at _runTest (D:\AIProject\ai-saas-project\ai-saas-dashboard\node_modules\jest-circus\build\jestAdapterInit.js:947:3)
          at D:\AIProject\ai-saas-project\ai-saas-dashboard\node_modules\jest-circus\build\jestAdapterInit.js:849:7
          at _runTestsForDescribeBlock (D:\AIProject\ai-saas-project\ai-saas-dashboard\node_modules\jest-circus\build\jestAdapterInit.js:862:11)
          at _runTestsForDescribeBlock (D:\AIProject\ai-saas-project\ai-saas-dashboard\node_modules\jest-circus\build\jestAdapterInit.js:857:11)
          at _runTestsForDescribeBlock (D:\AIProject\ai-saas-project\ai-saas-dashboard\node_modules\jest-circus\build\jestAdapterInit.js:857:11)
          at run (D:\AIProject\ai-saas-project\ai-saas-dashboard\node_modules\jest-circus\build\jestAdapterInit.js:761:3)
          at runAndTransformResultsToJestFormat (D:\AIProject\ai-saas-project\ai-saas-dashboard\node_modules\jest-circus\build\jestAdapterInit.js:1918:21)
          at jestAdapter (D:\AIProject\ai-saas-project\ai-saas-dashboard\node_modules\jest-circus\build\runner.js:101:19)
          at runTestInternal (D:\AIProject\ai-saas-project\ai-saas-dashboard\node_modules\jest-runner\build\index.js:275:16)
          at runTest (D:\AIProject\ai-saas-project\ai-saas-dashboard\node_modules\jest-runner\build\index.js:343:7)

    [0m [90m 28 |[39m
     [90m 29 |[39m     } [36mcatch[39m (error) {
    [31m[1m>[22m[39m[90m 30 |[39m         console[33m.[39merror([32m"CHAT ALL ERROR:"[39m[33m,[39m error)[33m;[39m
     [90m    |[39m                 [31m[1m^[22m[39m
     [90m 31 |[39m
     [90m 32 |[39m         [90m// ≡ƒöÑ ALWAYS RETURN ARRAY (VERY IMPORTANT)[39m
     [90m 33 |[39m         [36mreturn[39m [33mNextResponse[39m[33m.[39mjson([])[33m;[39m[0m

      at GET (src/app/api/chat/all/route.ts:30:17)
      at Object.<anonymous> (tests/api/chat.test.ts:115:35)

    console.error
      DELETE CHAT ERROR: Error: DB Query Failed
          at Object.<anonymous> (D:\AIProject\ai-saas-project\ai-saas-dashboard\tests\api\chat.test.ts:186:67)
          at Promise.finally.completed (D:\AIProject\ai-saas-project\ai-saas-dashboard\node_modules\jest-circus\build\jestAdapterInit.js:1557:28)
          at new Promise (<anonymous>)
          at callAsyncCircusFn (D:\AIProject\ai-saas-project\ai-saas-dashboard\node_modules\jest-circus\build\jestAdapterInit.js:1497:10)
          at _callCircusTest (D:\AIProject\ai-saas-project\ai-saas-dashboard\node_modules\jest-circus\build\jestAdapterInit.js:1007:40)
          at _runTest (D:\AIProject\ai-saas-project\ai-saas-dashboard\node_modules\jest-circus\build\jestAdapterInit.js:947:3)
          at D:\AIProject\ai-saas-project\ai-saas-dashboard\node_modules\jest-circus\build\jestAdapterInit.js:849:7
          at _runTestsForDescribeBlock (D:\AIProject\ai-saas-project\ai-saas-dashboard\node_modules\jest-circus\build\jestAdapterInit.js:862:11)
          at _runTestsForDescribeBlock (D:\AIProject\ai-saas-project\ai-saas-dashboard\node_modules\jest-circus\build\jestAdapterInit.js:857:11)
          at _runTestsForDescribeBlock (D:\AIProject\ai-saas-project\ai-saas-dashboard\node_modules\jest-circus\build\jestAdapterInit.js:857:11)
          at run (D:\AIProject\ai-saas-project\ai-saas-dashboard\node_modules\jest-circus\build\jestAdapterInit.js:761:3)
          at runAndTransformResultsToJestFormat (D:\AIProject\ai-saas-project\ai-saas-dashboard\node_modules\jest-circus\build\jestAdapterInit.js:1918:21)
          at jestAdapter (D:\AIProject\ai-saas-project\ai-saas-dashboard\node_modules\jest-circus\build\runner.js:101:19)
          at runTestInternal (D:\AIProject\ai-saas-project\ai-saas-dashboard\node_modules\jest-runner\build\index.js:275:16)
          at runTest (D:\AIProject\ai-saas-project\ai-saas-dashboard\node_modules\jest-runner\build\index.js:343:7)

    [0m [90m 37 |[39m
     [90m 38 |[39m     } [36mcatch[39m (error) {
    [31m[1m>[22m[39m[90m 39 |[39m         console[33m.[39merror([32m"DELETE CHAT ERROR:"[39m[33m,[39m error)[33m;[39m
     [90m    |[39m                 [31m[1m^[22m[39m
     [90m 40 |[39m         [36mreturn[39m [33mNextResponse[39m[33m.[39mjson({ message[33m:[39m [32m"Failed"[39m }[33m,[39m { status[33m:[39m 
[35m500[39m })[33m;[39m
     [90m 41 |[39m     }
     [90m 42 |[39m }[0m

      at DELETE (src/app/api/chat/delete/route.ts:39:17)
      at Object.<anonymous> (tests/api/chat.test.ts:192:19)

  ΓùÅ Chat API Routes ΓÇ║ POST /api/chat ΓÇ║ should successfully create a new chat

    expect(received).toStrictEqual(expected) // deep equality

    Expected: {"id": "chat1", "messages": [{"content": "hi", "role": "user"}], "userId": "test-user-id"}
    Received: serializes to the same string

    [0m [90m 25 |[39m
     [90m 26 |[39m       expect(res[33m.[39mstatus)[33m.[39mtoBe([35m200[39m)[33m;[39m
    [31m[1m>[22m[39m[90m 27 |[39m       expect(data)[33m.[39mtoStrictEqual(expectedChat)[33m;[39m [90m// Strict structure mapping[39m
     [90m    |[39m                    [31m[1m^[22m[39m
     [90m 28 |[39m       expect(prisma[33m.[39mchat[33m.[39mcreate)[33m.[39mtoHaveBeenCalled()[33m;[39m
     [90m 29 |[39m     })[33m;[39m
     [90m 30 |[39m[0m

      at Object.<anonymous> (tests/api/chat.test.ts:27:20)

  ΓùÅ Chat API Routes ΓÇ║ POST /api/chat ΓÇ║ should successfully update an existing chat

    expect(received).toStrictEqual(expected) // deep equality

    Expected: {"id": "chat1", "messages": [{"content": "hi", "role": "user"}], "userId": "test-user-id"}
    Received: serializes to the same string

    [0m [90m 42 |[39m
     [90m 43 |[39m       expect(res[33m.[39mstatus)[33m.[39mtoBe([35m200[39m)[33m;[39m
    [31m[1m>[22m[39m[90m 44 |[39m       expect(data)[33m.[39mtoStrictEqual(expectedChat)[33m;[39m
     [90m    |[39m                    [31m[1m^[22m[39m
     [90m 45 |[39m       expect(prisma[33m.[39mchat[33m.[39mupdate)[33m.[39mtoHaveBeenCalled()[33m;[39m
     [90m 46 |[39m     })[33m;[39m
     [90m 47 |[39m[0m

      at Object.<anonymous> (tests/api/chat.test.ts:44:20)

  ΓùÅ Chat API Routes ΓÇ║ POST /api/chat ΓÇ║ should return 401 missing token

    expect(received).toStrictEqual(expected) // deep equality

    Expected: {"message": "Unauthorized"}
    Received: serializes to the same string

    [0m [90m 55 |[39m
     [90m 56 |[39m       expect(res[33m.[39mstatus)[33m.[39mtoBe([35m401[39m)[33m;[39m
    [31m[1m>[22m[39m[90m 57 |[39m       expect(data)[33m.[39mtoStrictEqual({ message[33m:[39m [32m'Unauthorized'[39m })[33m;[39m
     [90m    |[39m                    [31m[1m^[22m[39m
     [90m 58 |[39m     })[33m;[39m
     [90m 59 |[39m
     [90m 60 |[39m     it([32m'should throw and return 500 on invalid token processing or prisma error'[39m[33m,[39m [36masync[39m () [33m=>[39m 
{[0m

      at Object.<anonymous> (tests/api/chat.test.ts:57:20)

  ΓùÅ Chat API Routes ΓÇ║ POST /api/chat ΓÇ║ should throw and return 500 on invalid token processing or prisma error

    expect(received).toStrictEqual(expected) // deep equality

    Expected: {"message": "Failed"}
    Received: serializes to the same string

    [0m [90m 69 |[39m
     [90m 70 |[39m       expect(res[33m.[39mstatus)[33m.[39mtoBe([35m500[39m)[33m;[39m
    [31m[1m>[22m[39m[90m 71 |[39m       expect(data)[33m.[39mtoStrictEqual({ message[33m:[39m [32m'Failed'[39m })[33m;[39m
     [90m    |[39m                    [31m[1m^[22m[39m
     [90m 72 |[39m     })[33m;[39m
     [90m 73 |[39m   })[33m;[39m
     [90m 74 |[39m[0m

      at Object.<anonymous> (tests/api/chat.test.ts:71:20)

  ΓùÅ Chat API Routes ΓÇ║ GET /api/chat/all ΓÇ║ should successfully retrieve all chats for user

    expect(received).toStrictEqual(expected) // deep equality

    Expected: [{"id": "chat1"}, {"id": "chat2"}]
    Received: serializes to the same string

    [0m [90m 84 |[39m
     [90m 85 |[39m       expect(res[33m.[39mstatus)[33m.[39mtoBe([35m200[39m)[33m;[39m
    [31m[1m>[22m[39m[90m 86 |[39m       expect(data)[33m.[39mtoStrictEqual(expectedChats)[33m;[39m
     [90m    |[39m                    [31m[1m^[22m[39m
     [90m 87 |[39m     })[33m;[39m
     [90m 88 |[39m
     [90m 89 |[39m     it([32m'should return empty array if no chats found'[39m[33m,[39m [36masync[39m () [33m=>[39m {[0m

      at Object.<anonymous> (tests/api/chat.test.ts:86:20)

  ΓùÅ Chat API Routes ΓÇ║ DELETE /api/chat/delete ΓÇ║ should delete existing chat successfully

    expect(received).toStrictEqual(expected) // deep equality

    Expected: {"message": "Deleted"}
    Received: serializes to the same string

    [0m [90m 137 |[39m
     [90m 138 |[39m       expect(res[33m.[39mstatus)[33m.[39mtoBe([35m200[39m)[33m;[39m
    [31m[1m>[22m[39m[90m 139 |[39m       expect(data)[33m.[39mtoStrictEqual({ message[33m:[39m [32m'Deleted'[39m })[33m;[39m
     [90m     |[39m                    [31m[1m^[22m[39m
     [90m 140 |[39m     })[33m;[39m
     [90m 141 |[39m
     [90m 142 |[39m     it([32m'should return 401 when missing token'[39m[33m,[39m [36masync[39m () [33m=>[39m {[0m

      at Object.<anonymous> (tests/api/chat.test.ts:139:20)

  ΓùÅ Chat API Routes ΓÇ║ DELETE /api/chat/delete ΓÇ║ should return 401 when missing token

    expect(received).toStrictEqual(expected) // deep equality

    Expected: {"message": "Unauthorized"}
    Received: serializes to the same string

    [0m [90m 149 |[39m
     [90m 150 |[39m       expect(res[33m.[39mstatus)[33m.[39mtoBe([35m401[39m)[33m;[39m
    [31m[1m>[22m[39m[90m 151 |[39m       expect(data)[33m.[39mtoStrictEqual({ message[33m:[39m [32m'Unauthorized'[39m })[33m;[39m
     [90m     |[39m                    [31m[1m^[22m[39m
     [90m 152 |[39m     })[33m;[39m
     [90m 153 |[39m
     [90m 154 |[39m     it([32m'should return 404 if chat belongs to someone else (userId mismatch)'[39m[33m,[39m [36masync[39m () [33m=>[39m {[0m

      at Object.<anonymous> (tests/api/chat.test.ts:151:20)

  ΓùÅ Chat API Routes ΓÇ║ DELETE /api/chat/delete ΓÇ║ should return 404 if chat belongs to someone else (userId mismatch)

    expect(received).toStrictEqual(expected) // deep equality

    Expected: {"message": "Not found"}
    Received: serializes to the same string

    [0m [90m 166 |[39m
     [90m 167 |[39m       expect(res[33m.[39mstatus)[33m.[39mtoBe([35m404[39m)[33m;[39m
    [31m[1m>[22m[39m[90m 168 |[39m       expect(data)[33m.[39mtoStrictEqual({ message[33m:[39m [32m'Not found'[39m })[33m;[39m
     [90m     |[39m                    [31m[1m^[22m[39m
     [90m 169 |[39m     })[33m;[39m
     [90m 170 |[39m
     [90m 171 |[39m     it([32m'should return 404 if chat is not found'[39m[33m,[39m [36masync[39m () [33m=>[39m {[0m

      at Object.<anonymous> (tests/api/chat.test.ts:168:20)

  ΓùÅ Chat API Routes ΓÇ║ DELETE /api/chat/delete ΓÇ║ should return 404 if chat is not found

    expect(received).toStrictEqual(expected) // deep equality

    Expected: {"message": "Not found"}
    Received: serializes to the same string

    [0m [90m 180 |[39m
     [90m 181 |[39m       expect(res[33m.[39mstatus)[33m.[39mtoBe([35m404[39m)[33m;[39m
    [31m[1m>[22m[39m[90m 182 |[39m       expect(data)[33m.[39mtoStrictEqual({ message[33m:[39m [32m'Not found'[39m })[33m;[39m
     [90m     |[39m                    [31m[1m^[22m[39m
     [90m 183 |[39m     })[33m;[39m
     [90m 184 |[39m
     [90m 185 |[39m     it([32m'should return 500 on internal failure'[39m[33m,[39m [36masync[39m () [33m=>[39m {[0m

      at Object.<anonymous> (tests/api/chat.test.ts:182:20)

  ΓùÅ Chat API Routes ΓÇ║ DELETE /api/chat/delete ΓÇ║ should return 500 on internal failure

    expect(received).toStrictEqual(expected) // deep equality

    Expected: {"message": "Failed"}
    Received: serializes to the same string

    [0m [90m 194 |[39m
     [90m 195 |[39m       expect(res[33m.[39mstatus)[33m.[39mtoBe([35m500[39m)[33m;[39m
    [31m[1m>[22m[39m[90m 196 |[39m       expect(data)[33m.[39mtoStrictEqual({ message[33m:[39m [32m'Failed'[39m })[33m;[39m
     [90m     |[39m                    [31m[1m^[22m[39m
     [90m 197 |[39m     })[33m;[39m
     [90m 198 |[39m   })[33m;[39m
     [90m 199 |[39m[0m

      at Object.<anonymous> (tests/api/chat.test.ts:196:20)

FAIL tests/api/auth.test.ts
  ΓùÅ Console

    console.error
      SIGNUP ERROR: Error: Unexpected Data Error
          at Object.<anonymous> (D:\AIProject\ai-saas-project\ai-saas-dashboard\tests\api\auth.test.ts:62:63)
          at Promise.finally.completed (D:\AIProject\ai-saas-project\ai-saas-dashboard\node_modules\jest-circus\build\jestAdapterInit.js:1557:28)
          at new Promise (<anonymous>)
          at callAsyncCircusFn (D:\AIProject\ai-saas-project\ai-saas-dashboard\node_modules\jest-circus\build\jestAdapterInit.js:1497:10)
          at _callCircusTest (D:\AIProject\ai-saas-project\ai-saas-dashboard\node_modules\jest-circus\build\jestAdapterInit.js:1007:40)
          at _runTest (D:\AIProject\ai-saas-project\ai-saas-dashboard\node_modules\jest-circus\build\jestAdapterInit.js:947:3)
          at D:\AIProject\ai-saas-project\ai-saas-dashboard\node_modules\jest-circus\build\jestAdapterInit.js:849:7
          at _runTestsForDescribeBlock (D:\AIProject\ai-saas-project\ai-saas-dashboard\node_modules\jest-circus\build\jestAdapterInit.js:862:11)
          at _runTestsForDescribeBlock (D:\AIProject\ai-saas-project\ai-saas-dashboard\node_modules\jest-circus\build\jestAdapterInit.js:857:11)
          at _runTestsForDescribeBlock (D:\AIProject\ai-saas-project\ai-saas-dashboard\node_modules\jest-circus\build\jestAdapterInit.js:857:11)
          at run (D:\AIProject\ai-saas-project\ai-saas-dashboard\node_modules\jest-circus\build\jestAdapterInit.js:761:3)
          at runAndTransformResultsToJestFormat (D:\AIProject\ai-saas-project\ai-saas-dashboard\node_modules\jest-circus\build\jestAdapterInit.js:1918:21)
          at jestAdapter (D:\AIProject\ai-saas-project\ai-saas-dashboard\node_modules\jest-circus\build\runner.js:101:19)
          at runTestInternal (D:\AIProject\ai-saas-project\ai-saas-dashboard\node_modules\jest-runner\build\index.js:275:16)
          at runTest (D:\AIProject\ai-saas-project\ai-saas-dashboard\node_modules\jest-runner\build\index.js:343:7)

    [0m [90m 37 |[39m     }
     [90m 38 |[39m
    [31m[1m>[22m[39m[90m 39 |[39m     console[33m.[39merror([32m"SIGNUP ERROR:"[39m[33m,[39m error)[33m;[39m
     [90m    |[39m             [31m[1m^[22m[39m
     [90m 40 |[39m
     [90m 41 |[39m     [36mreturn[39m [33mNextResponse[39m[33m.[39mjson(
     [90m 42 |[39m       { message[33m:[39m [32m"Internal server error"[39m }[33m,[39m[0m

      at POST (src/app/api/auth/signup/route.ts:39:13)
      at Object.<anonymous> (tests/api/auth.test.ts:69:19)

    console.error
      LOGIN ERROR: Error: DB downtime
          at Object.<anonymous> (D:\AIProject\ai-saas-project\ai-saas-dashboard\tests\api\auth.test.ts:147:67)
          at Promise.finally.completed (D:\AIProject\ai-saas-project\ai-saas-dashboard\node_modules\jest-circus\build\jestAdapterInit.js:1557:28)
          at new Promise (<anonymous>)
          at callAsyncCircusFn (D:\AIProject\ai-saas-project\ai-saas-dashboard\node_modules\jest-circus\build\jestAdapterInit.js:1497:10)
          at _callCircusTest (D:\AIProject\ai-saas-project\ai-saas-dashboard\node_modules\jest-circus\build\jestAdapterInit.js:1007:40)
          at _runTest (D:\AIProject\ai-saas-project\ai-saas-dashboard\node_modules\jest-circus\build\jestAdapterInit.js:947:3)
          at D:\AIProject\ai-saas-project\ai-saas-dashboard\node_modules\jest-circus\build\jestAdapterInit.js:849:7
          at _runTestsForDescribeBlock (D:\AIProject\ai-saas-project\ai-saas-dashboard\node_modules\jest-circus\build\jestAdapterInit.js:862:11)
          at _runTestsForDescribeBlock (D:\AIProject\ai-saas-project\ai-saas-dashboard\node_modules\jest-circus\build\jestAdapterInit.js:857:11)
          at _runTestsForDescribeBlock (D:\AIProject\ai-saas-project\ai-saas-dashboard\node_modules\jest-circus\build\jestAdapterInit.js:857:11)
          at run (D:\AIProject\ai-saas-project\ai-saas-dashboard\node_modules\jest-circus\build\jestAdapterInit.js:761:3)
          at runAndTransformResultsToJestFormat (D:\AIProject\ai-saas-project\ai-saas-dashboard\node_modules\jest-circus\build\jestAdapterInit.js:1918:21)
          at jestAdapter (D:\AIProject\ai-saas-project\ai-saas-dashboard\node_modules\jest-circus\build\runner.js:101:19)
          at runTestInternal (D:\AIProject\ai-saas-project\ai-saas-dashboard\node_modules\jest-runner\build\index.js:275:16)
          at runTest (D:\AIProject\ai-saas-project\ai-saas-dashboard\node_modules\jest-runner\build\index.js:343:7)

    [0m [90m 61 |[39m
     [90m 62 |[39m   } [36mcatch[39m (error) {
    [31m[1m>[22m[39m[90m 63 |[39m     console[33m.[39merror([32m"LOGIN ERROR:"[39m[33m,[39m error)[33m;[39m
     [90m    |[39m             [31m[1m^[22m[39m
     [90m 64 |[39m
     [90m 65 |[39m     [36mreturn[39m [33mNextResponse[39m[33m.[39mjson(
     [90m 66 |[39m       { message[33m:[39m [32m"Internal server error"[39m }[33m,[39m[0m

      at POST (src/app/api/auth/login/route.ts:63:13)
      at Object.<anonymous> (tests/api/auth.test.ts:154:19)

  ΓùÅ Auth API Routes ΓÇ║ POST /api/auth/signup ΓÇ║ should create a user successfully

    expect(received).toStrictEqual(expected) // deep equality

    Expected: {"message": "User created successfully"}
    Received: serializes to the same string

    [0m [90m 29 |[39m
     [90m 30 |[39m       expect(res[33m.[39mstatus)[33m.[39mtoBe([35m200[39m)[33m;[39m
    [31m[1m>[22m[39m[90m 31 |[39m       expect(data)[33m.[39mtoStrictEqual({ message[33m:[39m [32m'User created successfully'[39m })[33m;[39m
     [90m    |[39m                    [31m[1m^[22m[39m
     [90m 32 |[39m     })[33m;[39m
     [90m 33 |[39m
     [90m 34 |[39m     it([32m'should return 400 for missing fields (validation failure)'[39m[33m,[39m [36masync[39m () [33m=>[39m {[0m

      at Object.<anonymous> (tests/api/auth.test.ts:31:20)

  ΓùÅ Auth API Routes ΓÇ║ POST /api/auth/signup ΓÇ║ should return 400 for missing fields (validation failure)

    expect(received).toStrictEqual(expected) // deep equality

    Expected: {"message": "Missing fields"}
    Received: serializes to the same string

    [0m [90m 41 |[39m
     [90m 42 |[39m       expect(res[33m.[39mstatus)[33m.[39mtoBe([35m400[39m)[33m;[39m
    [31m[1m>[22m[39m[90m 43 |[39m       expect(data)[33m.[39mtoStrictEqual({ message[33m:[39m [32m'Missing fields'[39m })[33m;[39m
     [90m    |[39m                    [31m[1m^[22m[39m
     [90m 44 |[39m     })[33m;[39m
     [90m 45 |[39m
     [90m 46 |[39m     it([32m'should return 400 for duplicate user (P2002 error)'[39m[33m,[39m [36masync[39m () [33m=>[39m {[0m

      at Object.<anonymous> (tests/api/auth.test.ts:43:20)

  ΓùÅ Auth API Routes ΓÇ║ POST /api/auth/signup ΓÇ║ should return 400 for duplicate user (P2002 error)

    expect(received).toStrictEqual(expected) // deep equality

    Expected: {"message": "User already exists"}
    Received: serializes to the same string

    [0m [90m 56 |[39m
     [90m 57 |[39m       expect(res[33m.[39mstatus)[33m.[39mtoBe([35m400[39m)[33m;[39m
    [31m[1m>[22m[39m[90m 58 |[39m       expect(data)[33m.[39mtoStrictEqual({ message[33m:[39m [32m'User already exists'[39m })[33m;[39m
     [90m    |[39m                    [31m[1m^[22m[39m
     [90m 59 |[39m     })[33m;[39m
     [90m 60 |[39m
     [90m 61 |[39m     it([32m'should return 500 on unexpected internal signup error'[39m[33m,[39m [36masync[39m () [33m=>[39m {[0m

      at Object.<anonymous> (tests/api/auth.test.ts:58:20)

  ΓùÅ Auth API Routes ΓÇ║ POST /api/auth/signup ΓÇ║ should return 500 on unexpected internal signup error

    expect(received).toStrictEqual(expected) // deep equality

    Expected: {"message": "Internal server error"}
    Received: serializes to the same string

    [0m [90m 71 |[39m
     [90m 72 |[39m       expect(res[33m.[39mstatus)[33m.[39mtoBe([35m500[39m)[33m;[39m
    [31m[1m>[22m[39m[90m 73 |[39m       expect(data)[33m.[39mtoStrictEqual({ message[33m:[39m [32m'Internal server error'[39m })[33m;[39m
     [90m    |[39m                    [31m[1m^[22m[39m
     [90m 74 |[39m     })[33m;[39m
     [90m 75 |[39m   })[33m;[39m
     [90m 76 |[39m[0m

      at Object.<anonymous> (tests/api/auth.test.ts:73:20)

  ΓùÅ Auth API Routes ΓÇ║ POST /api/auth/login ΓÇ║ should login successfully and set cookie

    expect(received).toStrictEqual(expected) // deep equality

    Expected: {"message": "Login successful"}
    Received: serializes to the same string

    [0m [90m 93 |[39m
     [90m 94 |[39m       expect(res[33m.[39mstatus)[33m.[39mtoBe([35m200[39m)[33m;[39m
    [31m[1m>[22m[39m[90m 95 |[39m       expect(data)[33m.[39mtoStrictEqual({ message[33m:[39m [32m'Login successful'[39m })[33m;[39m
     [90m    |[39m                    [31m[1m^[22m[39m
     [90m 96 |[39m       
expect(res[33m.[39mheaders[33m.[39m[36mget[39m([32m'set-cookie'[39m))[33m.[39mtoContain([32m'token=mock-token'[39m)[33m;[39m
     [90m 97 |[39m     })[33m;[39m
     [90m 98 |[39m[0m

      at Object.<anonymous> (tests/api/auth.test.ts:95:20)

  ΓùÅ Auth API Routes ΓÇ║ POST /api/auth/login ΓÇ║ should return 404 for user not found

    expect(received).toStrictEqual(expected) // deep equality

    Expected: {"message": "User not found"}
    Received: serializes to the same string

    [0m [90m 109 |[39m
     [90m 110 |[39m       expect(res[33m.[39mstatus)[33m.[39mtoBe([35m404[39m)[33m;[39m
    [31m[1m>[22m[39m[90m 111 |[39m       expect(data)[33m.[39mtoStrictEqual({ message[33m:[39m [32m'User not found'[39m })[33m;[39m
     [90m     |[39m                    [31m[1m^[22m[39m
     [90m 112 |[39m     })[33m;[39m
     [90m 113 |[39m
     [90m 114 |[39m     it([32m'should return 401 for wrong password'[39m[33m,[39m [36masync[39m () [33m=>[39m {[0m

      at Object.<anonymous> (tests/api/auth.test.ts:111:20)

  ΓùÅ Auth API Routes ΓÇ║ POST /api/auth/login ΓÇ║ should return 401 for wrong password

    expect(received).toStrictEqual(expected) // deep equality

    Expected: {"message": "Invalid credentials"}
    Received: serializes to the same string

    [0m [90m 129 |[39m
     [90m 130 |[39m       expect(res[33m.[39mstatus)[33m.[39mtoBe([35m401[39m)[33m;[39m
    [31m[1m>[22m[39m[90m 131 |[39m       expect(data)[33m.[39mtoStrictEqual({ message[33m:[39m [32m'Invalid credentials'[39m })[33m;[39m
     [90m     |[39m                    [31m[1m^[22m[39m
     [90m 132 |[39m     })[33m;[39m
     [90m 133 |[39m
     [90m 134 |[39m     it([32m'should return 400 for missing login fields'[39m[33m,[39m [36masync[39m () [33m=>[39m {[0m

      at Object.<anonymous> (tests/api/auth.test.ts:131:20)

  ΓùÅ Auth API Routes ΓÇ║ POST /api/auth/login ΓÇ║ should return 400 for missing login fields

    expect(received).toStrictEqual(expected) // deep equality

    Expected: {"message": "Missing fields"}
    Received: serializes to the same string

    [0m [90m 141 |[39m
     [90m 142 |[39m       expect(res[33m.[39mstatus)[33m.[39mtoBe([35m400[39m)[33m;[39m
    [31m[1m>[22m[39m[90m 143 |[39m       expect(data)[33m.[39mtoStrictEqual({ message[33m:[39m [32m'Missing fields'[39m })[33m;[39m
     [90m     |[39m                    [31m[1m^[22m[39m
     [90m 144 |[39m     })[33m;[39m
     [90m 145 |[39m
     [90m 146 |[39m     it([32m'should return 500 on unexpected internal login error'[39m[33m,[39m [36masync[39m () [33m=>[39m {[0m

      at Object.<anonymous> (tests/api/auth.test.ts:143:20)

  ΓùÅ Auth API Routes ΓÇ║ POST /api/auth/login ΓÇ║ should return 500 on unexpected internal login error

    expect(received).toStrictEqual(expected) // deep equality

    Expected: {"message": "Internal server error"}
    Received: serializes to the same string

    [0m [90m 156 |[39m
     [90m 157 |[39m       expect(res[33m.[39mstatus)[33m.[39mtoBe([35m500[39m)[33m;[39m
    [31m[1m>[22m[39m[90m 158 |[39m       expect(data)[33m.[39mtoStrictEqual({ message[33m:[39m [32m'Internal server error'[39m })[33m;[39m
     [90m     |[39m                    [31m[1m^[22m[39m
     [90m 159 |[39m     })[33m;[39m
     [90m 160 |[39m   })[33m;[39m
     [90m 161 |[39m })[33m;[39m[0m

      at Object.<anonymous> (tests/api/auth.test.ts:158:20)

PASS tests/api/middleware.test.ts
PASS tests/services/chatService.test.ts
PASS tests/services/aiService.test.ts

Test Suites: 3 failed, 3 passed, 6 total
Tests:       20 failed, 21 passed, 41 total
Snapshots:   0 total
Time:        0.595 s, estimated 1 s
Ran all test suites.
